// Jest Snapshot v1, https://goo.gl/fbAQLP

exports[`should take a snapshot 1`] = `
<DocumentFragment>
  <div
    class="button-bottom"
  >
    <button
      type="button"
    >
      Previous
    </button>
    <button
      type="button"
    >
      Next
    </button>
  </div>
</DocumentFragment>
`;
